
> @growth-engine/frontend@0.1.0 dev /home/jvalenzuela/Desarollo/growth_marketing/apps/frontend
> next dev -p 4000

  ▲ Next.js 14.2.0
  - Local:        http://localhost:4000
  - Environments: .env

 ✓ Starting...
> [PWA] PWA support is disabled
> [PWA] PWA support is disabled
 ✓ Ready in 1770ms
 ○ Compiling / ...
 ✓ Compiled / in 2.1s (712 modules)
 GET / 307 in 2335ms
 ✓ Compiled /login in 484ms (742 modules)
 GET /login 200 in 501ms
 ✓ Compiled /api/auth/[...nextauth] in 456ms (614 modules)
 GET /api/auth/session 200 in 840ms
 GET /api/auth/session 200 in 47ms
 ✓ Compiled /tutorial in 298ms (980 modules)
 GET /tutorial 307 in 384ms
 ✓ Compiled /[tenant] in 168ms (993 modules)
 GET /favicon.ico 200 in 428ms
[?25h
