[       3ms] [LOG] 🚀 Page about to navigate/unload @ https://performance.vambeai.com/website-tracker/v1.js:537
[       3ms] [LOG] ❌ No recent click, ignoring navigation @ https://performance.vambeai.com/website-tracker/v1.js:542
[     789ms] [WARNING] [TikTok Pixel] - Invalid Event Name Format
Issue: 1 event name was rejected for not following TikTok format requirements.
Suggestion: Go to your source code and update these event types according to TikTok format requirements. See https://ads.tiktok.com/help/article/custom-events?lang=en for more information. @ https://analytics.tiktok.com/i18n/pixel/static/main.MWJkOTJmOWRkMQ.js:0
[     790ms] [WARNING] [TikTok Pixel] - Invalid Event Name Format
Issue: 1 event name was rejected for not following TikTok format requirements.
Suggestion: Go to your source code and update these event types according to TikTok format requirements. See https://ads.tiktok.com/help/article/custom-events?lang=en for more information. @ https://analytics.tiktok.com/i18n/pixel/static/main.MWJkOTJmOWRkMQ.js:0
[     813ms] [WARNING] [TikTok Pixel] - Invalid Event Name Format
Issue: 1 event name was rejected for not following TikTok format requirements.
Suggestion: Go to your source code and update these event types according to TikTok format requirements. See https://ads.tiktok.com/help/article/custom-events?lang=en for more information. @ https://analytics.tiktok.com/i18n/pixel/static/main.MWJkOTJmOWRkMQ.js:0
[     815ms] [WARNING] [TikTok Pixel] - Invalid Event Name Format
Issue: 1 event name was rejected for not following TikTok format requirements.
Suggestion: Go to your source code and update these event types according to TikTok format requirements. See https://ads.tiktok.com/help/article/custom-events?lang=en for more information. @ https://analytics.tiktok.com/i18n/pixel/static/main.MWJkOTJmOWRkMQ.js:0
[    4113ms] [WARNING] [TikTok Pixel] - Duplicate Pixel ID
Issue: The pixel ID is duplicate. This could impact the pixel data accuracy.
Suggestion: Please double check and delete any unnecessary pixel code. @ https://analytics.tiktok.com/i18n/pixel/static/main.MWJkOTJmOWRkMQ.js:0
[    7399ms] [WARNING] The resource https://www.vambe.ai/fonts/plus-jakarta-sans-v12-latin-600.woff2 was preloaded using link preload but not used within a few seconds from the window's load event. Please make sure it has an appropriate `as` value and it is preloaded intentionally. @ https://www.vambe.ai/pricing:0
[    7399ms] [WARNING] The resource https://www.vambe.ai/fonts/plus-jakarta-sans-v12-latin-regular.woff2 was preloaded using link preload but not used within a few seconds from the window's load event. Please make sure it has an appropriate `as` value and it is preloaded intentionally. @ https://www.vambe.ai/pricing:0
[    7399ms] [WARNING] The resource https://www.vambe.ai/hero_nxg/001_BKG.webp was preloaded using link preload but not used within a few seconds from the window's load event. Please make sure it has an appropriate `as` value and it is preloaded intentionally. @ https://www.vambe.ai/pricing:0
