[       4ms] [LOG] 🚀 Page about to navigate/unload @ https://performance.vambeai.com/website-tracker/v1.js:537
[       4ms] [LOG] ❌ No recent click, ignoring navigation @ https://performance.vambeai.com/website-tracker/v1.js:542
[     830ms] [WARNING] [TikTok Pixel] - Invalid Event Name Format
Issue: 1 event name was rejected for not following TikTok format requirements.
Suggestion: Go to your source code and update these event types according to TikTok format requirements. See https://ads.tiktok.com/help/article/custom-events?lang=en for more information. @ https://analytics.tiktok.com/i18n/pixel/static/main.MWJkOTJmOWRkMQ.js:0
[     832ms] [WARNING] [TikTok Pixel] - Invalid Event Name Format
Issue: 1 event name was rejected for not following TikTok format requirements.
Suggestion: Go to your source code and update these event types according to TikTok format requirements. See https://ads.tiktok.com/help/article/custom-events?lang=en for more information. @ https://analytics.tiktok.com/i18n/pixel/static/main.MWJkOTJmOWRkMQ.js:0
[     833ms] [WARNING] [TikTok Pixel] - Invalid Event Name Format
Issue: 1 event name was rejected for not following TikTok format requirements.
Suggestion: Go to your source code and update these event types according to TikTok format requirements. See https://ads.tiktok.com/help/article/custom-events?lang=en for more information. @ https://analytics.tiktok.com/i18n/pixel/static/main.MWJkOTJmOWRkMQ.js:0
[     834ms] [WARNING] [TikTok Pixel] - Invalid Event Name Format
Issue: 1 event name was rejected for not following TikTok format requirements.
Suggestion: Go to your source code and update these event types according to TikTok format requirements. See https://ads.tiktok.com/help/article/custom-events?lang=en for more information. @ https://analytics.tiktok.com/i18n/pixel/static/main.MWJkOTJmOWRkMQ.js:0
[    3174ms] [ERROR] Failed to load resource: the server responded with a status of 400 () @ https://api.vambe.ai/api/embed/webchat/contact/create:0
[    3322ms] [WARNING] [TikTok Pixel] - Duplicate Pixel ID
Issue: The pixel ID is duplicate. This could impact the pixel data accuracy.
Suggestion: Please double check and delete any unnecessary pixel code. @ https://analytics.tiktok.com/i18n/pixel/static/main.MWJkOTJmOWRkMQ.js:0
[    4378ms] [ERROR] Failed to load resource: the server responded with a status of 400 () @ https://api.vambe.ai/api/embed/webchat/contact/create:0
[    6962ms] [ERROR] Failed to load resource: the server responded with a status of 400 () @ https://api.vambe.ai/api/embed/webchat/contact/create:0
